To honour the JVM settings for this build a single-use Daemon process will be forked. For more on this, please refer to https://docs.gradle.org/8.8/userguide/gradle_daemon.html#sec:disabling_the_daemon in the Gradle documentation.
Daemon will be stopped at the end of the build 

> Configure project :Fabric
Fabric Loom: 1.7.3

FAILURE: Build failed with an exception.

* What went wrong:
A problem occurred configuring project ':Fabric'.
> Could not resolve all files for configuration ':Fabric:modImplementation'.
   > Could not find net.fabricmc.fabric-api:fabric-api:0.100.0+1.21.1.
     Searched in the following locations:
       - https://libraries.minecraft.net/net/fabricmc/fabric-api/fabric-api/0.100.0+1.21.1/fabric-api-0.100.0+1.21.1.pom
       - https://libraries.minecraft.net/net/fabricmc/fabric-api/fabric-api/0.100.0+1.21.1/fabric-api-0.100.0+1.21.1.jar
       - https://repo.maven.apache.org/maven2/net/fabricmc/fabric-api/fabric-api/0.100.0+1.21.1/fabric-api-0.100.0+1.21.1.jar
       - https://repo.maven.apache.org/maven2/net/fabricmc/fabric-api/fabric-api/0.100.0+1.21.1/fabric-api-0.100.0+1.21.1.pom
       - https://repo.spongepowered.org/repository/maven-public/net/fabricmc/fabric-api/fabric-api/0.100.0+1.21.1/fabric-api-0.100.0+1.21.1.pom
       - https://maven.blamejared.com/net/fabricmc/fabric-api/fabric-api/0.100.0+1.21.1/fabric-api-0.100.0+1.21.1.pom
       - https://github.com/Serilum/.maven/raw/maven/net/fabricmc/fabric-api/fabric-api/0.100.0+1.21.1/fabric-api-0.100.0+1.21.1.pom
       - file:/home/alex/Documents/GitHub/mine-tracer/.gradle/loom-cache/remapped_mods/net/fabricmc/fabric-api/fabric-api/0.100.0+1.21.1/fabric-api-0.100.0+1.21.1.pom
       - file:/home/alex/.gradle/caches/fabric-loom/minecraftMaven/net/fabricmc/fabric-api/fabric-api/0.100.0+1.21.1/fabric-api-0.100.0+1.21.1.pom
       - file:/home/alex/Documents/GitHub/mine-tracer/.gradle/loom-cache/minecraftMaven/net/fabricmc/fabric-api/fabric-api/0.100.0+1.21.1/fabric-api-0.100.0+1.21.1.pom
       - https://maven.fabricmc.net/net/fabricmc/fabric-api/fabric-api/0.100.0+1.21.1/fabric-api-0.100.0+1.21.1.pom
       - https://maven.terraformersmc.com/releases/net/fabricmc/fabric-api/fabric-api/0.100.0+1.21.1/fabric-api-0.100.0+1.21.1.pom
       - https://maven.shedaniel.me/net/fabricmc/fabric-api/fabric-api/0.100.0+1.21.1/fabric-api-0.100.0+1.21.1.pom
       - https://repo.lucko.me/net/fabricmc/fabric-api/fabric-api/0.100.0+1.21.1/fabric-api-0.100.0+1.21.1.pom
     Required by:
         project :Fabric
   > Could not find net.fabricmc.fabric-api:fabric-command-api-v2:2.2.28+1.21.1.
     Searched in the following locations:
       - https://libraries.minecraft.net/net/fabricmc/fabric-api/fabric-command-api-v2/2.2.28+1.21.1/fabric-command-api-v2-2.2.28+1.21.1.pom
       - https://libraries.minecraft.net/net/fabricmc/fabric-api/fabric-command-api-v2/2.2.28+1.21.1/fabric-command-api-v2-2.2.28+1.21.1.jar
       - https://repo.maven.apache.org/maven2/net/fabricmc/fabric-api/fabric-command-api-v2/2.2.28+1.21.1/fabric-command-api-v2-2.2.28+1.21.1.jar
       - https://repo.maven.apache.org/maven2/net/fabricmc/fabric-api/fabric-command-api-v2/2.2.28+1.21.1/fabric-command-api-v2-2.2.28+1.21.1.pom
       - https://repo.spongepowered.org/repository/maven-public/net/fabricmc/fabric-api/fabric-command-api-v2/2.2.28+1.21.1/fabric-command-api-v2-2.2.28+1.21.1.pom
       - https://maven.blamejared.com/net/fabricmc/fabric-api/fabric-command-api-v2/2.2.28+1.21.1/fabric-command-api-v2-2.2.28+1.21.1.pom
       - https://github.com/Serilum/.maven/raw/maven/net/fabricmc/fabric-api/fabric-command-api-v2/2.2.28+1.21.1/fabric-command-api-v2-2.2.28+1.21.1.pom
       - file:/home/alex/Documents/GitHub/mine-tracer/.gradle/loom-cache/remapped_mods/net/fabricmc/fabric-api/fabric-command-api-v2/2.2.28+1.21.1/fabric-command-api-v2-2.2.28+1.21.1.pom
       - file:/home/alex/.gradle/caches/fabric-loom/minecraftMaven/net/fabricmc/fabric-api/fabric-command-api-v2/2.2.28+1.21.1/fabric-command-api-v2-2.2.28+1.21.1.pom
       - file:/home/alex/Documents/GitHub/mine-tracer/.gradle/loom-cache/minecraftMaven/net/fabricmc/fabric-api/fabric-command-api-v2/2.2.28+1.21.1/fabric-command-api-v2-2.2.28+1.21.1.pom
       - https://maven.fabricmc.net/net/fabricmc/fabric-api/fabric-command-api-v2/2.2.28+1.21.1/fabric-command-api-v2-2.2.28+1.21.1.pom
       - https://maven.terraformersmc.com/releases/net/fabricmc/fabric-api/fabric-command-api-v2/2.2.28+1.21.1/fabric-command-api-v2-2.2.28+1.21.1.pom
       - https://maven.shedaniel.me/net/fabricmc/fabric-api/fabric-command-api-v2/2.2.28+1.21.1/fabric-command-api-v2-2.2.28+1.21.1.pom
       - https://repo.lucko.me/net/fabricmc/fabric-api/fabric-command-api-v2/2.2.28+1.21.1/fabric-command-api-v2-2.2.28+1.21.1.pom
     Required by:
         project :Fabric

* Try:
> Run with --stacktrace option to get the stack trace.
> Run with --info or --debug option to get more log output.
> Run with --scan to get full insights.
> Get more help at https://help.gradle.org.

Deprecated Gradle features were used in this build, making it incompatible with Gradle 9.0.

You can use '--warning-mode all' to show the individual deprecation warnings and determine if they come from your own scripts or plugins.

For more on this, please refer to https://docs.gradle.org/8.8/userguide/command_line_interface.html#sec:command_line_warnings in the Gradle documentation.

BUILD FAILED in 21s
